<?xml version="1.0" encoding="UTF-8"?>
<testsuites>
  <testsuite name="prox_rssi" tests="19" failures="0">
    <testcase name="test_init_defaults">
    </testcase>
    <testcase name="test_init_null_safety">
    </testcase>
    <testcase name="test_push_raw_clamping">
    </testcase>
    <testcase name="test_hampel_rejects_spike">
    </testcase>
    <testcase name="test_hampel_passes_clean">
    </testcase>
    <testcase name="test_ema_converges">
    </testcase>
    <testcase name="test_ema_anomaly_reset">
    </testcase>
    <testcase name="test_features_stable_signal">
    </testcase>
    <testcase name="test_far_to_candidate">
    </testcase>
    <testcase name="test_candidate_to_unlock">
    </testcase>
    <testcase name="test_candidate_exit_confirm">
    </testcase>
    <testcase name="test_exit_confirm_resets">
    </testcase>
    <testcase name="test_lockout_period">
    </testcase>
    <testcase name="test_lockout_expires_then_locks">
    </testcase>
    <testcase name="test_no_flipflop_hysteresis">
    </testcase>
    <testcase name="test_unstable_does_not_unlock">
    </testcase>
    <testcase name="test_force_far">
    </testcase>
    <testcase name="test_full_lifecycle">
    </testcase>
    <testcase name="test_q4_conversions">
    </testcase>
  </testsuite>
</testsuites>
